command=cd /home/seeed/hailo-vs-rk182x && /home/seeed/venvs/hailort-test/bin/python python/run_video_streams_benchmark.py --backend hailo --model yolo26n_hailo8_official.hef --video videos/derived/test_640.mp4 --instances 1,2 --frames 200 --json out/final/hailo8_streams.json
exit_code=0
instances=1: aggregate 21.86 FPS, per stream [21.86] FPS, 200 frames in 9.15 s
  note: 2 streams share 1 NPU core(s) (oversubscribed)
instances=2: warm-up timed out
instances=2: aggregate 23.03 FPS, per stream [23.03] FPS, 200 frames in 8.68 s
wrote out/final/hailo8_streams.json
[HailoRT] [error] CHECK failed - Failed to create vdevice. there are not enough free devices. requested: 1, found: 0
[HailoRT] [error] CHECK_SUCCESS failed with status=HAILO_OUT_OF_PHYSICAL_DEVICES(74)
[HailoRT] [error] CHECK_SUCCESS failed with status=HAILO_OUT_OF_PHYSICAL_DEVICES(74)
[HailoRT] [error] CHECK_SUCCESS failed with status=HAILO_OUT_OF_PHYSICAL_DEVICES(74)
[HailoRT] [error] CHECK_SUCCESS failed with status=HAILO_OUT_OF_PHYSICAL_DEVICES(74)
Process Process-3:
Traceback (most recent call last):
  File "/home/seeed/venvs/hailort-test/lib/python3.11/site-packages/hailo_platform/pyhailort/pyhailort.py", line 3540, in _open_vdevice
    self._vdevice = _pyhailort.VDevice.create(self._params, device_ids)
                    ^^^^^^^^^^^^^^^^^^^^^^^^^^^^^^^^^^^^^^^^^^^^^^^^^^^
hailo_platform.pyhailort._pyhailort.HailoRTStatusException: 74

The above exception was the direct cause of the following exception:

Traceback (most recent call last):
  File "/usr/lib/python3.11/multiprocessing/process.py", line 314, in _bootstrap
    self.run()
  File "/usr/lib/python3.11/multiprocessing/process.py", line 108, in run
    self._target(*self._args, **self._kwargs)
  File "/home/seeed/hailo-vs-rk182x/python/run_video_streams_benchmark.py", line 88, in worker_hailo
    device = VDevice()
             ^^^^^^^^^
  File "/home/seeed/venvs/hailort-test/lib/python3.11/site-packages/hailo_platform/pyhailort/pyhailort.py", line 3533, in __init__
    self._open_vdevice()
  File "/home/seeed/venvs/hailort-test/lib/python3.11/site-packages/hailo_platform/pyhailort/pyhailort.py", line 3538, in _open_vdevice
    with ExceptionWrapper():
  File "/home/seeed/venvs/hailort-test/lib/python3.11/site-packages/hailo_platform/pyhailort/pyhailort.py", line 122, in __exit__
    self._raise_indicative_status_exception(value)
  File "/home/seeed/venvs/hailort-test/lib/python3.11/site-packages/hailo_platform/pyhailort/pyhailort.py", line 172, in _raise_indicative_status_exception
    raise self.create_exception_from_status(error_code) from libhailort_exception
hailo_platform.pyhailort.pyhailort.HailoRTException: libhailort failed with error: 74 (HAILO_OUT_OF_PHYSICAL_DEVICES)
