command=cd /home/seeed/hailo-vs-rk182x && /home/seeed/venvs/hailort-test/bin/python python/run_hailo_streams_aggregate.py --hef yolo26n_hailo8_official.hef --video videos/derived/test_640.mp4 --streams 8 --frames 200 --batch 8 --json out/final/hailo8_aggregate_8.json
exit_code=0
{
  "backend": "hailo8",
  "hef": "yolo26n_hailo8_official.hef",
  "video": "test_640.mp4",
  "streams": 8,
  "frames_per_stream_target": 200,
  "batch_frames_per_infer": 8,
  "host_decode_enabled": true,
  "frames_processed": 1600,
  "infer_calls": 200,
  "wall_seconds": 50.454,
  "aggregate_fps": 31.71,
  "per_stream_fps": [
    3.96,
    3.96,
    3.96,
    3.96,
    3.96,
    3.96,
    3.96,
    3.96
  ],
  "detections_total": 15210,
  "host_decode_seconds": 9.092,
  "errors": []
}
wrote out/final/hailo8_aggregate_8.json
