command=cd /home/seeed/hailo-vs-rk182x/python && echo '=== 分解测量（修正后）==='; for HEF in yolo26n_hailo8_official.hef yolo11n_hailo8_int8.hef; do /home/seeed/venvs/hailort-test/bin/python measure_live_pipeline.py --hef /home/seeed/hailo-vs-rk182x/$HEF --seconds 3.5; done; echo '=== run_hailo.py 实跑（yolo26n）==='; rm -rf /tmp/live_fixed && /home/seeed/venvs/hailort-test/bin/python run_hailo.py --seconds 12 --out-dir /tmp/live_fixed --serve-port 8080 2>&1 | tail -7
exit_code=0
=== 分解测量（修正后）===
HEF yolo26n_hailo8_official.hef: input 640x640
  inference only (fixed frame)        :   34.1 FPS ( 29.3 ms per infer)
  capture only (manual exposure)      :   30.0 FPS
  capture + inference (manual exposure):   29.6 FPS (wait   4.0 ms + infer  26.6 ms)
  capture + inference (auto exposure  ):   27.7 FPS (wait   5.9 ms + infer  27.0 ms)
HEF yolo11n_hailo8_int8.hef: input 640x640
  inference only (fixed frame)        :   39.7 FPS ( 25.2 ms per infer)
  capture only (manual exposure)      :   30.0 FPS
  capture + inference (manual exposure):   29.6 FPS (wait   2.8 ms + infer  27.1 ms)
  capture + inference (auto exposure  ):   28.1 FPS (wait   4.8 ms + infer  27.0 ms)
=== run_hailo.py 实跑（yolo26n）===
[live]  31.1 FPS (30-frame) /  23.9 avg | wait-for-frame   0.7 ms, infer  24.3 ms, whole loop  31.5 ms | 0 detections
[live]  31.9 FPS (30-frame) /  23.9 avg | wait-for-frame   0.8 ms, infer  25.1 ms, whole loop  32.9 ms | 0 detections
[live]  31.6 FPS (30-frame) /  23.9 avg | wait-for-frame   0.9 ms, infer  20.9 ms, whole loop  27.6 ms | 0 detections
[live]  33.1 FPS (30-frame) /  24.0 avg | wait-for-frame   0.9 ms, infer  21.1 ms, whole loop  27.8 ms | 0 detections
[live]  30.4 FPS (30-frame) /  23.9 avg | wait-for-frame   1.2 ms, infer  31.5 ms, whole loop  37.9 ms | 0 detections
[done] 287 frames in 12.5 s -> 23.014 FPS average, 0.084 detections/frame
[done] json report: /tmp/live_fixed/run_hailo_live_result.json
