command=cd /home/seeed/hailo-vs-rk182x && /home/seeed/venvs/hailort-test/bin/python python/run_hailo_video_inference.py --hef yolo26n_hailo8_official.hef --video videos/derived/test_640.mp4 --out-dir out/final/hailo8 --model-family yolo26 --benchmark-fps 52.53 --benchmark-latency-ms 13.89 && /home/seeed/rockchip-yolo11-quant-benchmark/.venv/bin/python python/run_rk3576_video_inference.py --model yolo26n_rk3576_int8.rknn --video videos/derived/test_640.mp4 --out-dir out/final/rk3576_npu --core-mask 7 --model-family yolo26 --device-fps 34.88 --device-latency-ms 28.67
exit_code=0
video: test_640.mp4 640x640 source_fps=30.00 frames=394
HEF: yolo26n_hailo8_official.hef sha256=743de04972fbdba05140d18b9176e38620011134e9f79c7a7dd63b1d13eb90ae
input vstream: yolo26n/input_layer1 FormatType.UINT8
warm-up pipeline: 42.34 ms -> banner FPS 23.6
frames: 394, wall: 26.75 s
infer only per frame: {"mean_ms": 28.549, "median_ms": 28.807, "min_ms": 22.201, "max_ms": 38.785, "p95_ms": 33.484} -> 35.03 FPS
pipeline per frame: {"mean_ms": 38.261, "median_ms": 38.31, "min_ms": 30.366, "max_ms": 51.679, "p95_ms": 45.617} -> 26.14 FPS
end to end: 14.73 FPS over 394 frames (26.75 s total wall)
class counts: {'car': 3369, 'bus': 228, 'truck': 171, 'traffic light': 9, 'person': 2}
annotated video: out/final/hailo8/hailo8_yolo11n_result.mp4
json report: out/final/hailo8/hailo8_yolo26n_video_result.json
video: test_640.mp4 640x640 source_fps=30.00 frames=394
model: yolo26n_rk3576_int8.rknn sha256=8750d6e73d2e98fa34b8f4d310180d2975f36110be2529225b960e26e7287c9e
core_mask: 0x7
runtime sdk version:
==============================================
RKNN VERSION:
  API: 2.3.0 (c949ad889d@2024-11-07T11:35:33)
  DRV: 0.9.8
==============================================

warm-up pipeline: 42.44 ms -> banner FPS 23.6
frames: 394, wall: 26.10 s
infer only per frame: {"mean_ms": 30.372, "median_ms": 29.872, "min_ms": 20.286, "max_ms": 63.606, "p95_ms": 35.612} -> 32.93 FPS
pipeline per frame: {"mean_ms": 42.485, "median_ms": 42.052, "min_ms": 33.744, "max_ms": 86.097, "p95_ms": 46.649} -> 23.54 FPS
end to end: 15.09 FPS over 394 frames (26.10 s total wall)
class counts: {'car': 4849, 'bus': 157, 'truck': 40, 'traffic light': 23}
annotated video: out/final/rk3576_npu/rk3576_npu_yolo11n_result.mp4
json report: out/final/rk3576_npu/rk3576_npu_yolo26n_video_result.json
I RKNN: [13:59:40.530] RKNN Runtime Information, librknnrt version: 2.3.0 (c949ad889d@2024-11-07T11:35:33)
I RKNN: [13:59:40.533] RKNN Driver Information, version: 0.9.8
I RKNN: [13:59:40.549] RKNN Model Information, version: 6, toolkit version: 2.3.2(compiler version: 2.3.2 (@2025-04-03T08:26:16)), target: RKNPU f2, target platform: rk3576, framework name: ONNX, framework layout: NCHW, model inference type: static_shape
W RKNN: [13:59:40.699] query RKNN_QUERY_INPUT_DYNAMIC_RANGE error, rknn model is static shape type, please export rknn with dynamic_shapes
/home/seeed/rockchip-yolo11-quant-benchmark/.venv/lib/python3.11/site-packages/rknnlite/api/rknn_lite.py:41: UserWarning: pkg_resources is deprecated as an API. See https://setuptools.pypa.io/en/latest/pkg_resources.html. The pkg_resources package is slated for removal as early as 2025-11-30. Refrain from using this package or pin to Setuptools<81.
  import pkg_resources
W rknn-toolkit-lite2 version: 2.3.2
W The RK3576 platform has only two NPU cores. "NPU_CORE_0_1_2" is not supported and will be automatically replaced with "NPU_CORE_0_1".
W Query dynamic range failed. Ret code: RKNN_ERR_MODEL_INVALID. (If it is a static shape RKNN model, please ignore the above warning message.)
