command=cd /home/seeed/hailo-vs-rk182x && /home/seeed/rockchip-yolo11-quant-benchmark/.venv/bin/python python/run_video_streams_benchmark.py --backend rk3576 --model yolo26n_rk3576_int8.rknn --video videos/derived/test_640.mp4 --instances 1,2,3 --frames 300 --json out/final/rk3576_streams.json
exit_code=0
instances=1: aggregate 20.85 FPS, per stream [20.85] FPS, 300 frames in 14.39 s
instances=2: aggregate 42.93 FPS, per stream [21.48, 21.47] FPS, 600 frames in 13.98 s
instances=3: aggregate 49.35 FPS, per stream [20.47, 16.45, 16.45] FPS, 900 frames in 18.24 s
wrote out/final/rk3576_streams.json
/home/seeed/rockchip-yolo11-quant-benchmark/.venv/lib/python3.11/site-packages/rknnlite/api/rknn_lite.py:41: UserWarning: pkg_resources is deprecated as an API. See https://setuptools.pypa.io/en/latest/pkg_resources.html. The pkg_resources package is slated for removal as early as 2025-11-30. Refrain from using this package or pin to Setuptools<81.
  import pkg_resources
W rknn-toolkit-lite2 version: 2.3.2
W Query dynamic range failed. Ret code: RKNN_ERR_MODEL_INVALID. (If it is a static shape RKNN model, please ignore the above warning message.)
/home/seeed/rockchip-yolo11-quant-benchmark/.venv/lib/python3.11/site-packages/rknnlite/api/rknn_lite.py:41: UserWarning: pkg_resources is deprecated as an API. See https://setuptools.pypa.io/en/latest/pkg_resources.html. The pkg_resources package is slated for removal as early as 2025-11-30. Refrain from using this package or pin to Setuptools<81.
  import pkg_resources
/home/seeed/rockchip-yolo11-quant-benchmark/.venv/lib/python3.11/site-packages/rknnlite/api/rknn_lite.py:41: UserWarning: pkg_resources is deprecated as an API. See https://setuptools.pypa.io/en/latest/pkg_resources.html. The pkg_resources package is slated for removal as early as 2025-11-30. Refrain from using this package or pin to Setuptools<81.
  import pkg_resources
W rknn-toolkit-lite2 version: 2.3.2
W rknn-toolkit-lite2 version: 2.3.2
W Query dynamic range failed. Ret code: RKNN_ERR_MODEL_INVALID. (If it is a static shape RKNN model, please ignore the above warning message.)
W Query dynamic range failed. Ret code: RKNN_ERR_MODEL_INVALID. (If it is a static shape RKNN model, please ignore the above warning message.)
/home/seeed/rockchip-yolo11-quant-benchmark/.venv/lib/python3.11/site-packages/rknnlite/api/rknn_lite.py:41: UserWarning: pkg_resources is deprecated as an API. See https://setuptools.pypa.io/en/latest/pkg_resources.html. The pkg_resources package is slated for removal as early as 2025-11-30. Refrain from using this package or pin to Setuptools<81.
  import pkg_resources
/home/seeed/rockchip-yolo11-quant-benchmark/.venv/lib/python3.11/site-packages/rknnlite/api/rknn_lite.py:41: UserWarning: pkg_resources is deprecated as an API. See https://setuptools.pypa.io/en/latest/pkg_resources.html. The pkg_resources package is slated for removal as early as 2025-11-30. Refrain from using this package or pin to Setuptools<81.
  import pkg_resources
/home/seeed/rockchip-yolo11-quant-benchmark/.venv/lib/python3.11/site-packages/rknnlite/api/rknn_lite.py:41: UserWarning: pkg_resources is deprecated as an API. See https://setuptools.pypa.io/en/latest/pkg_resources.html. The pkg_resources package is slated for removal as early as 2025-11-30. Refrain from using this package or pin to Setuptools<81.
  import pkg_resources
W rknn-toolkit-lite2 version: 2.3.2
W rknn-toolkit-lite2 version: 2.3.2
W rknn-toolkit-lite2 version: 2.3.2
W Query dynamic range failed. Ret code: RKNN_ERR_MODEL_INVALID. (If it is a static shape RKNN model, please ignore the above warning message.)
W Query dynamic range failed. Ret code: RKNN_ERR_MODEL_INVALID. (If it is a static shape RKNN model, please ignore the above warning message.)
W The RK3576 platform has only two NPU cores. "NPU_CORE_2" is not supported and will be automatically replaced with "NPU_CORE_0".
W Query dynamic range failed. Ret code: RKNN_ERR_MODEL_INVALID. (If it is a static shape RKNN model, please ignore the above warning message.)
